current directory: /Users/edgarahmed/Desktop/Cosas_Data/my_cv/vendor/bundle/ruby/3.2.0/gems/http_parser.rb-0.8.0/ext/ruby_http_parser
/Users/edgarahmed/.rbenv/versions/3.2.6/bin/ruby extconf.rb
creating Makefile

current directory: /Users/edgarahmed/Desktop/Cosas_Data/my_cv/vendor/bundle/ruby/3.2.0/gems/http_parser.rb-0.8.0/ext/ruby_http_parser
make DESTDIR\= sitearchdir\=./.gem.20260320-89436-9y0e59 sitelibdir\=./.gem.20260320-89436-9y0e59 clean

current directory: /Users/edgarahmed/Desktop/Cosas_Data/my_cv/vendor/bundle/ruby/3.2.0/gems/http_parser.rb-0.8.0/ext/ruby_http_parser
make DESTDIR\= sitearchdir\=./.gem.20260320-89436-9y0e59 sitelibdir\=./.gem.20260320-89436-9y0e59
compiling ruby_http_parser.c
ruby_http_parser.c:365:17: warning: comparison of integers of different signs: 'size_t' (aka 'unsigned long') and 'long' [-Wsign-compare]
  365 |     if (nparsed < len)
      |         ~~~~~~~ ^ ~~~
1 warning generated.
compiling ryah_http_parser.c
linking shared-object ruby_http_parser.bundle
ld: warning: ignoring duplicate libraries: '-lruby.3.2'

current directory: /Users/edgarahmed/Desktop/Cosas_Data/my_cv/vendor/bundle/ruby/3.2.0/gems/http_parser.rb-0.8.0/ext/ruby_http_parser
make DESTDIR\= sitearchdir\=./.gem.20260320-89436-9y0e59 sitelibdir\=./.gem.20260320-89436-9y0e59 install
/usr/bin/install -c -m 0755 ruby_http_parser.bundle ./.gem.20260320-89436-9y0e59

current directory: /Users/edgarahmed/Desktop/Cosas_Data/my_cv/vendor/bundle/ruby/3.2.0/gems/http_parser.rb-0.8.0/ext/ruby_http_parser
make DESTDIR\= sitearchdir\=./.gem.20260320-89436-9y0e59 sitelibdir\=./.gem.20260320-89436-9y0e59 clean
